–°–∫—Ä–∏–ø—Ç –∑–∞–ø—É—â–µ–Ω –ü–Ω–¥ 14 –ê–ø—Ä 2014 07:16:59
root@localhost:/Rails_Projects/Test500# rails server
=> Booting WEBrick
=> Rails 3.2.17 application starting in development on http://0.0.0.0:3000
=> Call with -d to detach
=> Ctrl-C to shutdown server
[2014-04-14 07:19:31] INFO  WEBrick 1.3.1
[2014-04-14 07:19:31] INFO  ruby 2.0.0 (2014-02-24) [x86_64-linux]
[2014-04-14 07:19:31] INFO  WEBrick::HTTPServer#start: pid=7196 port=3000


Started POST "/sessions" for 127.0.0.1 at 2014-04-14 07:19:34 +0000
Connecting to database specified by database.yml
Processing by SessionsController#create as HTML
  Parameters: {"utf8"=>"‚úì", "authenticity_token"=>"90Ba+VPtXZQzQbN4zBxkIr04O7xk6zT7h3JQB2hsoDQ=", "session"=>{"email"=>"superllout@mail.ru", "pass"=>"qwerty"}, "commit"=>"Sign In"}
  [1m[36mUser Load (0.8ms)[0m  [1mSELECT `users`.* FROM `users` WHERE `users`.`email` = 'superllout@mail.ru' LIMIT 1[0m
Completed 500 Internal Server Error in 126.2ms

NoMethodError (undefined method `authenticate' for #<User:0x0000000284e750>):
  app/controllers/sessions_controller.rb:11:in `create'


  Rendered /usr/local/rvm/gems/ruby-2.0.0-p451/gems/actionpack-3.2.17/lib/action_dispatch/middleware/templates/rescues/_trace.erb (5.7ms)
  Rendered /usr/local/rvm/gems/ruby-2.0.0-p451/gems/actionpack-3.2.17/lib/action_dispatch/middleware/templates/rescues/_request_and_response.erb (4.6ms)
  Rendered /usr/local/rvm/gems/ruby-2.0.0-p451/gems/actionpack-3.2.17/lib/action_dispatch/middleware/templates/rescues/diagnostics.erb within rescues/layout (32.4ms)


Started POST "/sessions" for 127.0.0.1 at 2014-04-14 14:15:34 +0000
Processing by SessionsController#create as HTML
  Parameters: {"utf8"=>"‚úì", "authenticity_token"=>"90Ba+VPtXZQzQbN4zBxkIr04O7xk6zT7h3JQB2hsoDQ=", "session"=>{"email"=>"superllout@mail.ru", "pass"=>"qwerty"}, "commit"=>"Sign In"}
  [1m[35mUser Load (0.5ms)[0m  SELECT `users`.* FROM `users` WHERE `users`.`email` = 'superllout@mail.ru' LIMIT 1
Completed 500 Internal Server Error in 63.2ms

NoMethodError (undefined method `authenticate' for #<User:0x0000000293c8b0>):
  app/controllers/sessions_controller.rb:11:in `create'


  Rendered /usr/local/rvm/gems/ruby-2.0.0-p451/gems/actionpack-3.2.17/lib/action_dispatch/middleware/templates/rescues/_trace.erb (8.2ms)
  Rendered /usr/local/rvm/gems/ruby-2.0.0-p451/gems/actionpack-3.2.17/lib/action_dispatch/middleware/templates/rescues/_request_and_response.erb (4.6ms)
  Rendered /usr/local/rvm/gems/ruby-2.0.0-p451/gems/actionpack-3.2.17/lib/action_dispatch/middleware/templates/rescues/diagnostics.erb within rescues/layout (33.7ms)


Started POST "/sessions" for 127.0.0.1 at 2014-04-14 14:15:40 +0000
Processing by SessionsController#create as HTML
  Parameters: {"utf8"=>"‚úì", "authenticity_token"=>"90Ba+VPtXZQzQbN4zBxkIr04O7xk6zT7h3JQB2hsoDQ=", "session"=>{"email"=>"superllout@mail.ru", "pass"=>"qwerty"}, "commit"=>"Sign In"}
  [1m[36mUser Load (0.5ms)[0m  [1mSELECT `users`.* FROM `users` WHERE `users`.`email` = 'superllout@mail.ru' LIMIT 1[0m
Completed 500 Internal Server Error in 7.3ms

NoMethodError (undefined method `authenticate' for #<User:0x000000029f5428>):
  app/controllers/sessions_controller.rb:11:in `create'


  Rendered /usr/local/rvm/gems/ruby-2.0.0-p451/gems/actionpack-3.2.17/lib/action_dispatch/middleware/templates/rescues/_trace.erb (4.7ms)
  Rendered /usr/local/rvm/gems/ruby-2.0.0-p451/gems/actionpack-3.2.17/lib/action_dispatch/middleware/templates/rescues/_request_and_response.erb (3.8ms)
  Rendered /usr/local/rvm/gems/ruby-2.0.0-p451/gems/actionpack-3.2.17/lib/action_dispatch/middleware/templates/rescues/diagnostics.erb within rescues/layout (25.4ms)
^C[2014-04-14 14:16:48] INFO  going to shutdown ...
[2014-04-14 14:16:48] INFO  WEBrick::HTTPServer#start done.
Exiting
root@localhost:/Rails_Projects/Test500# rails server
=> Booting WEBrick
=> Rails 3.2.17 application starting in development on http://0.0.0.0:3000
=> Call with -d to detach
=> Ctrl-C to shutdown server
[2014-04-14 14:16:56] INFO  WEBrick 1.3.1
[2014-04-14 14:16:56] INFO  ruby 2.0.0 (2014-02-24) [x86_64-linux]
[2014-04-14 14:16:56] INFO  WEBrick::HTTPServer#start: pid=7880 port=3000


Started POST "/sessions" for 127.0.0.1 at 2014-04-14 14:17:03 +0000
Connecting to database specified by database.yml
Processing by SessionsController#create as HTML
  Parameters: {"utf8"=>"‚úì", "authenticity_token"=>"90Ba+VPtXZQzQbN4zBxkIr04O7xk6zT7h3JQB2hsoDQ=", "session"=>{"email"=>"superllout@mail.ru", "pass"=>"qwerty"}, "commit"=>"Sign In"}
  [1m[36mUser Load (0.6ms)[0m  [1mSELECT `users`.* FROM `users` WHERE `users`.`email` = 'superllout@mail.ru' LIMIT 1[0m
Completed 500 Internal Server Error in 199.6ms

NoMethodError (undefined method `authenticate' for #<User:0x00000002e74d50>):
  app/controllers/sessions_controller.rb:11:in `create'


  Rendered /usr/local/rvm/gems/ruby-2.0.0-p451/gems/actionpack-3.2.17/lib/action_dispatch/middleware/templates/rescues/_trace.erb (5.9ms)
  Rendered /usr/local/rvm/gems/ruby-2.0.0-p451/gems/actionpack-3.2.17/lib/action_dispatch/middleware/templates/rescues/_request_and_response.erb (5.1ms)
  Rendered /usr/local/rvm/gems/ruby-2.0.0-p451/gems/actionpack-3.2.17/lib/action_dispatch/middleware/templates/rescues/diagnostics.erb within rescues/layout (35.1ms)
[deprecated] I18n.enforce_available_locales will default to true in the future. If you really want to skip validation of your locale you can set I18n.enforce_available_locales = false to avoid this message.


Started GET "/signin" for 127.0.0.1 at 2014-04-14 14:17:18 +0000
Processing by SessionsController#new as HTML
  Rendered sessions/new.html.erb within layouts/application (23.9ms)
Completed 200 OK in 206.2ms (Views: 204.7ms | ActiveRecord: 0.0ms)


Started GET "/assets/application.css?body=1" for 127.0.0.1 at 2014-04-14 14:17:18 +0000
Served asset /application.css - 304 Not Modified (135ms)


Started GET "/assets/announce_cs.css?body=1" for 127.0.0.1 at 2014-04-14 14:17:18 +0000
Served asset /announce_cs.css - 304 Not Modified (7ms)


Started GET "/assets/scaffolds.css?body=1" for 127.0.0.1 at 2014-04-14 14:17:18 +0000
Served asset /scaffolds.css - 304 Not Modified (7ms)


Started GET "/assets/announce_is.css?body=1" for 127.0.0.1 at 2014-04-14 14:17:18 +0000
Served asset /announce_is.css - 304 Not Modified (19ms)


Started GET "/assets/sessions.css?body=1" for 127.0.0.1 at 2014-04-14 14:17:18 +0000
Served asset /sessions.css - 304 Not Modified (13ms)


Started GET "/assets/users.css?body=1" for 127.0.0.1 at 2014-04-14 14:17:18 +0000
Served asset /users.css - 304 Not Modified (6ms)


Started GET "/assets/jquery.js?body=1" for 127.0.0.1 at 2014-04-14 14:17:18 +0000
Served asset /jquery.js - 304 Not Modified (19ms)


Started GET "/assets/jquery_ujs.js?body=1" for 127.0.0.1 at 2014-04-14 14:17:18 +0000
Served asset /jquery_ujs.js - 304 Not Modified (17ms)


Started GET "/assets/announce_cs.js?body=1" for 127.0.0.1 at 2014-04-14 14:17:18 +0000
Served asset /announce_cs.js - 304 Not Modified (4ms)


Started GET "/assets/announce_is.js?body=1" for 127.0.0.1 at 2014-04-14 14:17:18 +0000
Served asset /announce_is.js - 304 Not Modified (4ms)


Started GET "/assets/sessions.js?body=1" for 127.0.0.1 at 2014-04-14 14:17:18 +0000
Served asset /sessions.js - 304 Not Modified (7ms)


Started GET "/assets/users.js?body=1" for 127.0.0.1 at 2014-04-14 14:17:18 +0000
Served asset /users.js - 304 Not Modified (9ms)


Started GET "/assets/application.js?body=1" for 127.0.0.1 at 2014-04-14 14:17:18 +0000
Served asset /application.js - 304 Not Modified (37ms)


Started POST "/sessions" for 127.0.0.1 at 2014-04-14 14:17:23 +0000
Processing by SessionsController#create as HTML
  Parameters: {"utf8"=>"‚úì", "authenticity_token"=>"90Ba+VPtXZQzQbN4zBxkIr04O7xk6zT7h3JQB2hsoDQ=", "session"=>{"email"=>"sdfd", "pass"=>"qwe"}, "commit"=>"Sign In"}
  [1m[35mUser Load (1.3ms)[0m  SELECT `users`.* FROM `users` WHERE `users`.`email` = 'sdfd' LIMIT 1
  Rendered sessions/new.html.erb within layouts/application (5.3ms)
Completed 200 OK in 37.2ms (Views: 30.7ms | ActiveRecord: 1.3ms)


Started GET "/assets/application.css?body=1" for 127.0.0.1 at 2014-04-14 14:17:23 +0000
Served asset /application.css - 304 Not Modified (1ms)


Started GET "/assets/announce_cs.css?body=1" for 127.0.0.1 at 2014-04-14 14:17:23 +0000
Served asset /announce_cs.css - 304 Not Modified (0ms)


Started GET "/assets/announce_is.css?body=1" for 127.0.0.1 at 2014-04-14 14:17:23 +0000
Served asset /announce_is.css - 304 Not Modified (1ms)


Started GET "/assets/scaffolds.css?body=1" for 127.0.0.1 at 2014-04-14 14:17:23 +0000
Served asset /scaffolds.css - 304 Not Modified (7ms)


Started GET "/assets/users.css?body=1" for 127.0.0.1 at 2014-04-14 14:17:23 +0000
Served asset /users.css - 304 Not Modified (80ms)


Started GET "/assets/sessions.css?body=1" for 127.0.0.1 at 2014-04-14 14:17:23 +0000
Served asset /sessions.css - 304 Not Modified (0ms)


Started GET "/assets/announce_cs.js?body=1" for 127.0.0.1 at 2014-04-14 14:17:23 +0000
Served asset /announce_cs.js - 304 Not Modified (0ms)


Started GET "/assets/jquery_ujs.js?body=1" for 127.0.0.1 at 2014-04-14 14:17:23 +0000
Served asset /jquery_ujs.js - 304 Not Modified (0ms)


Started GET "/assets/jquery.js?body=1" for 127.0.0.1 at 2014-04-14 14:17:23 +0000
Served asset /jquery.js - 304 Not Modified (2ms)


Started GET "/assets/announce_is.js?body=1" for 127.0.0.1 at 2014-04-14 14:17:23 +0000
Served asset /announce_is.js - 304 Not Modified (0ms)


Started GET "/assets/sessions.js?body=1" for 127.0.0.1 at 2014-04-14 14:17:23 +0000
Served asset /sessions.js - 304 Not Modified (0ms)


Started GET "/assets/application.js?body=1" for 127.0.0.1 at 2014-04-14 14:17:23 +0000
Served asset /application.js - 304 Not Modified (4ms)


Started GET "/assets/users.js?body=1" for 127.0.0.1 at 2014-04-14 14:17:23 +0000
Served asset /users.js - 304 Not Modified (0ms)


Started POST "/sessions" for 127.0.0.1 at 2014-04-14 14:17:37 +0000
Processing by SessionsController#create as HTML
  Parameters: {"utf8"=>"‚úì", "authenticity_token"=>"90Ba+VPtXZQzQbN4zBxkIr04O7xk6zT7h3JQB2hsoDQ=", "session"=>{"email"=>"superllout@mail.ru", "pass"=>"qwerty"}, "commit"=>"Sign In"}
  [1m[36mUser Load (0.4ms)[0m  [1mSELECT `users`.* FROM `users` WHERE `users`.`email` = 'superllout@mail.ru' LIMIT 1[0m
Completed 500 Internal Server Error in 5.4ms

NoMethodError (undefined method `authenticate' for #<User:0x00000002f27f90>):
  app/controllers/sessions_controller.rb:11:in `create'


  Rendered /usr/local/rvm/gems/ruby-2.0.0-p451/gems/actionpack-3.2.17/lib/action_dispatch/middleware/templates/rescues/_trace.erb (5.0ms)
  Rendered /usr/local/rvm/gems/ruby-2.0.0-p451/gems/actionpack-3.2.17/lib/action_dispatch/middleware/templates/rescues/_request_and_response.erb (3.7ms)
  Rendered /usr/local/rvm/gems/ruby-2.0.0-p451/gems/actionpack-3.2.17/lib/action_dispatch/middleware/templates/rescues/diagnostics.erb within rescues/layout (26.0ms)
^C[2014-04-14 14:20:21] INFO  going to shutdown ...
[2014-04-14 14:20:21] INFO  WEBrick::HTTPServer#start done.
Exiting
root@localhost:/Rails_Projects/Test500# giy[Kt
bash: git: –∫–æ–º–∞–Ω–¥–∞ –Ω–µ –Ω–∞–π–¥–µ–Ω–∞
root@localhost:/Rails_Projects/Test500# apt-get install install libcurl4-gnutls- dev libexpat1-dev gettext
–ß—Ç–µ–Ω–∏–µ —Å–ø–∏—Å–∫–æ–≤ –ø–∞–∫–µ—Ç–æ–≤... 0%–ß—Ç–µ–Ω–∏–µ —Å–ø–∏—Å–∫–æ–≤ –ø–∞–∫–µ—Ç–æ–≤... 100%–ß—Ç–µ–Ω–∏–µ —Å–ø–∏—Å–∫–æ–≤ –ø–∞–∫–µ—Ç–æ–≤‚Ä¶ –ì–æ—Ç–æ–≤–æ
–ü–æ—Å—Ç—Ä–æ–µ–Ω–∏–µ –¥–µ—Ä–µ–≤–∞ –∑–∞–≤–∏—Å–∏–º–æ—Å—Ç–µ–π... 0%–ü–æ—Å—Ç—Ä–æ–µ–Ω–∏–µ –¥–µ—Ä–µ–≤–∞ –∑–∞–≤–∏—Å–∏–º–æ—Å—Ç–µ–π... 0%–ü–æ—Å—Ç—Ä–æ–µ–Ω–∏–µ –¥–µ—Ä–µ–≤–∞ –∑–∞–≤–∏—Å–∏–º–æ—Å—Ç–µ–π... 50%–ü–æ—Å—Ç—Ä–æ–µ–Ω–∏–µ –¥–µ—Ä–µ–≤–∞ –∑–∞–≤–∏—Å–∏–º–æ—Å—Ç–µ–π... 50%–ü–æ—Å—Ç—Ä–æ–µ–Ω–∏–µ –¥–µ—Ä–µ–≤–∞ –∑–∞–≤–∏—Å–∏–º–æ—Å—Ç–µ–π       
–ß—Ç–µ–Ω–∏–µ –∏–Ω—Ñ–æ—Ä–º–∞—Ü–∏–∏ –æ —Å–æ—Å—Ç–æ—è–Ω–∏–∏... 0%–ß—Ç–µ–Ω–∏–µ –∏–Ω—Ñ–æ—Ä–º–∞—Ü–∏–∏ –æ —Å–æ—Å—Ç–æ—è–Ω–∏–∏... 0%–ß—Ç–µ–Ω–∏–µ –∏–Ω—Ñ–æ—Ä–º–∞—Ü–∏–∏ –æ —Å–æ—Å—Ç–æ—è–Ω–∏–∏‚Ä¶ –ì–æ—Ç–æ–≤–æ
E: –ù–µ —É–¥–∞–ª–æ—Å—å –Ω–∞–π—Ç–∏ –ø–∞–∫–µ—Ç install
root@localhost:/Rails_Projects/Test500# apt-get install git-core
–ß—Ç–µ–Ω–∏–µ —Å–ø–∏—Å–∫–æ–≤ –ø–∞–∫–µ—Ç–æ–≤... 0%–ß—Ç–µ–Ω–∏–µ —Å–ø–∏—Å–∫–æ–≤ –ø–∞–∫–µ—Ç–æ–≤... 100%–ß—Ç–µ–Ω–∏–µ —Å–ø–∏—Å–∫–æ–≤ –ø–∞–∫–µ—Ç–æ–≤‚Ä¶ –ì–æ—Ç–æ–≤–æ
–ü–æ—Å—Ç—Ä–æ–µ–Ω–∏–µ –¥–µ—Ä–µ–≤–∞ –∑–∞–≤–∏—Å–∏–º–æ—Å—Ç–µ–π... 0%–ü–æ—Å—Ç—Ä–æ–µ–Ω–∏–µ –¥–µ—Ä–µ–≤–∞ –∑–∞–≤–∏—Å–∏–º–æ—Å—Ç–µ–π... 0%–ü–æ—Å—Ç—Ä–æ–µ–Ω–∏–µ –¥–µ—Ä–µ–≤–∞ –∑–∞–≤–∏—Å–∏–º–æ—Å—Ç–µ–π... 50%–ü–æ—Å—Ç—Ä–æ–µ–Ω–∏–µ –¥–µ—Ä–µ–≤–∞ –∑–∞–≤–∏—Å–∏–º–æ—Å—Ç–µ–π... 50%–ü–æ—Å—Ç—Ä–æ–µ–Ω–∏–µ –¥–µ—Ä–µ–≤–∞ –∑–∞–≤–∏—Å–∏–º–æ—Å—Ç–µ–π       
–ß—Ç–µ–Ω–∏–µ –∏–Ω—Ñ–æ—Ä–º–∞—Ü–∏–∏ –æ —Å–æ—Å—Ç–æ—è–Ω–∏–∏... 0%–ß—Ç–µ–Ω–∏–µ –∏–Ω—Ñ–æ—Ä–º–∞—Ü–∏–∏ –æ —Å–æ—Å—Ç–æ—è–Ω–∏–∏... 0%–ß—Ç–µ–Ω–∏–µ –∏–Ω—Ñ–æ—Ä–º–∞—Ü–∏–∏ –æ —Å–æ—Å—Ç–æ—è–Ω–∏–∏‚Ä¶ –ì–æ—Ç–æ–≤–æ
–ë—É–¥—É—Ç —É—Å—Ç–∞–Ω–æ–≤–ª–µ–Ω—ã —Å–ª–µ–¥—É—é—â–∏–µ –¥–æ–ø–æ–ª–Ω–∏—Ç–µ–ª—å–Ω—ã–µ –ø–∞–∫–µ—Ç—ã:
  git git-man liberror-perl
–ü—Ä–µ–¥–ª–∞–≥–∞–µ–º—ã–µ –ø–∞–∫–µ—Ç—ã:
  git-daemon-run git-daemon-sysvinit git-doc git-el git-arch git-cvs git-svn
  git-email git-gui gitk gitweb
–ù–û–í–´–ï –ø–∞–∫–µ—Ç—ã, –∫–æ—Ç–æ—Ä—ã–µ –±—É–¥—É—Ç —É—Å—Ç–∞–Ω–æ–≤–ª–µ–Ω—ã:
  git git-core git-man liberror-perl
–æ–±–Ω–æ–≤–ª–µ–Ω–æ 0, —É—Å—Ç–∞–Ω–æ–≤–ª–µ–Ω–æ 4 –Ω–æ–≤—ã—Ö –ø–∞–∫–µ—Ç–æ–≤, –¥–ª—è —É–¥–∞–ª–µ–Ω–∏—è –æ—Ç–º–µ—á–µ–Ω–æ 0 –ø–∞–∫–µ—Ç–æ–≤, –∏ 7 –ø–∞–∫–µ—Ç–æ–≤ –Ω–µ –æ–±–Ω–æ–≤–ª–µ–Ω–æ.
–ù–µ–æ–±—Ö–æ–¥–∏–º–æ —Å–∫–∞—á–∞—Ç—å 7¬†782 k–ë –∞—Ä—Ö–∏–≤–æ–≤.
–ü–æ—Å–ª–µ –¥–∞–Ω–Ω–æ–π –æ–ø–µ—Ä–∞—Ü–∏–∏, –æ–±—ä—ë–º –∑–∞–Ω—è—Ç–æ–≥–æ –¥–∏—Å–∫–æ–≤–æ–≥–æ –ø—Ä–æ—Å—Ç—Ä–∞–Ω—Å—Ç–≤–∞ –≤–æ–∑—Ä–∞—Å—Ç—ë—Ç –Ω–∞ 14,7 MB.
–•–æ—Ç–∏—Ç–µ –ø—Ä–æ–¥–æ–ª–∂–∏—Ç—å [–î/–Ω]? y
0% [–û–±—Ä–∞–±–æ—Ç–∫–∞]                       –ü–æ–ª—É—á–µ–Ω–æ:1 http://ftp.de.debian.org/debian/ squeeze/main liberror-perl all 0.17-1 [23,6 kB]
                       0% [1 liberror-perl 3¬†789 B/23,6 kB 16%] [–°–æ–µ–¥–∏–Ω–µ–Ω–∏–µ —Å http.us.debi                                                                               0% [–û–∂–∏–¥–∞–Ω–∏–µ –∑–∞–≥–æ–ª–æ–≤–∫–æ–≤]                                          –ü–æ–ª—É—á–µ–Ω–æ:2 http://http.us.debian.org/debian/ wheezy/main git-man all 1:1.7.10.4-1+wheezy1 [1¬†074 kB]
                                          0% [2 git-man 5¬†527 B/1¬†074 kB 1%]                                    1% [2 git-man 85,2 kB/1¬†074 kB 8%]3% [2 git-man 231 kB/1¬†074 kB 22%]6% [2 git-man 469 kB/1¬†074 kB 44%]                                   13% [2 git-man 1¬†013 kB/1¬†074 kB 94%]                                       14% [–û–±—Ä–∞–±–æ—Ç–∫–∞]                        –ü–æ–ª—É—á–µ–Ω–æ:3 http://http.us.debian.org/debian/ wheezy/main git amd64 1:1.7.10.4-1+wheezy1 [6¬†683 kB]
                        14% [3 git 1¬†146 B/6¬†683 kB 0%]                                 15% [3 git 85,1 kB/6¬†683 kB 1%]                                17% [3 git 200 kB/6¬†683 kB 3%]20% [3 git 457 kB/6¬†683 kB 7%]                               26% [3 git 931 kB/6¬†683 kB 14%]                                35% [3 git 1¬†640 kB/6¬†683 kB 25%]                                   47% [3 git 2¬†525 kB/6¬†683 kB 38%]                                592 kB/s 7—Å58% [3 git 3¬†402 kB/6¬†683 kB 51%]                                592 kB/s 5—Å69% [3 git 4¬†300 kB/6¬†683 kB 64%]                                592 kB/s 4—Å81% [3 git 5¬†188 kB/6¬†683 kB 78%]                                592 kB/s 2—Å92% [3 git 6¬†068 kB/6¬†683 kB 91%]                                592 kB/s 1—Å100% [–û–±—Ä–∞–±–æ—Ç–∫–∞]                                          592 kB/s 0—Å                                                                               –ü–æ–ª—É—á–µ–Ω–æ:4 http://http.us.debian.org/debian/ wheezy/main git-core all 1:1.7.10.4-1+wheezy1 [1¬†336 B]
100% [4 git-core 1¬†336 B/1¬†336 B 100%]                           592 kB/s 0—Å100% [–û–±—Ä–∞–±–æ—Ç–∫–∞]                                          592 kB/s 0—Å                                                                               –ü–æ–ª—É—á–µ–Ω–æ 7¬†782 k–ë –∑–∞ 8—Å (894 k–ë/c)
–í—ã–±–æ—Ä —Ä–∞–Ω–µ–µ –Ω–µ –≤—ã–±—Ä–∞–Ω–Ω–æ–≥–æ –ø–∞–∫–µ—Ç–∞ liberror-perl.
(–ß—Ç–µ–Ω–∏–µ –±–∞–∑—ã –¥–∞–Ω–Ω—ã—Ö ‚Ä¶ (–ß—Ç–µ–Ω–∏–µ –±–∞–∑—ã –¥–∞–Ω–Ω—ã—Ö ‚Ä¶ 5%(–ß—Ç–µ–Ω–∏–µ –±–∞–∑—ã –¥–∞–Ω–Ω—ã—Ö ‚Ä¶ 10%(–ß—Ç–µ–Ω–∏–µ –±–∞–∑—ã –¥–∞–Ω–Ω—ã—Ö ‚Ä¶ 15%(–ß—Ç–µ–Ω–∏–µ –±–∞–∑—ã –¥–∞–Ω–Ω—ã—Ö ‚Ä¶ 20%(–ß—Ç–µ–Ω–∏–µ –±–∞–∑—ã –¥–∞–Ω–Ω—ã—Ö ‚Ä¶ 25%(–ß—Ç–µ–Ω–∏–µ –±–∞–∑—ã –¥–∞–Ω–Ω—ã—Ö ‚Ä¶ 30%(–ß—Ç–µ–Ω–∏–µ –±–∞–∑—ã –¥–∞–Ω–Ω—ã—Ö ‚Ä¶ 35%(–ß—Ç–µ–Ω–∏–µ –±–∞–∑—ã –¥–∞–Ω–Ω—ã—Ö ‚Ä¶ 40%(–ß—Ç–µ–Ω–∏–µ –±–∞–∑—ã –¥–∞–Ω–Ω—ã—Ö ‚Ä¶ 45%(–ß—Ç–µ–Ω–∏–µ –±–∞–∑—ã –¥–∞–Ω–Ω—ã—Ö ‚Ä¶ 50%(–ß—Ç–µ–Ω–∏–µ –±–∞–∑—ã –¥–∞–Ω–Ω—ã—Ö ‚Ä¶ 55%(–ß—Ç–µ–Ω–∏–µ –±–∞–∑—ã –¥–∞–Ω–Ω—ã—Ö ‚Ä¶ 60%(–ß—Ç–µ–Ω–∏–µ –±–∞–∑—ã –¥–∞–Ω–Ω—ã—Ö ‚Ä¶ 65%(–ß—Ç–µ–Ω–∏–µ –±–∞–∑—ã –¥–∞–Ω–Ω—ã—Ö ‚Ä¶ 70%(–ß—Ç–µ–Ω–∏–µ –±–∞–∑—ã –¥–∞–Ω–Ω—ã—Ö ‚Ä¶ 75%(–ß—Ç–µ–Ω–∏–µ –±–∞–∑—ã –¥–∞–Ω–Ω—ã—Ö ‚Ä¶ 80%(–ß—Ç–µ–Ω–∏–µ –±–∞–∑—ã –¥–∞–Ω–Ω—ã—Ö ‚Ä¶ 85%(–ß—Ç–µ–Ω–∏–µ –±–∞–∑—ã –¥–∞–Ω–Ω—ã—Ö ‚Ä¶ 90%(–ß—Ç–µ–Ω–∏–µ –±–∞–∑—ã –¥–∞–Ω–Ω—ã—Ö ‚Ä¶ 95%(–ß—Ç–µ–Ω–∏–µ –±–∞–∑—ã –¥–∞–Ω–Ω—ã—Ö ‚Ä¶ 100%(–ß—Ç–µ–Ω–∏–µ –±–∞–∑—ã –¥–∞–Ω–Ω—ã—Ö ‚Ä¶ –Ω–∞ –¥–∞–Ω–Ω—ã–π –º–æ–º–µ–Ω—Ç —É—Å—Ç–∞–Ω–æ–≤–ª–µ–Ω–æ 153462 —Ñ–∞–π–ª–∞ –∏ –∫–∞—Ç–∞–ª–æ–≥–∞.)
–†–∞—Å–ø–∞–∫–æ–≤—ã–≤–∞–µ—Ç—Å—è –ø–∞–∫–µ—Ç liberror-perl (–∏–∑ —Ñ–∞–π–ª–∞ ‚Ä¶/liberror-perl_0.17-1_all.deb) ‚Ä¶
–í—ã–±–æ—Ä —Ä–∞–Ω–µ–µ –Ω–µ –≤—ã–±—Ä–∞–Ω–Ω–æ–≥–æ –ø–∞–∫–µ—Ç–∞ git-man.
–†–∞—Å–ø–∞–∫–æ–≤—ã–≤–∞–µ—Ç—Å—è –ø–∞–∫–µ—Ç git-man (–∏–∑ —Ñ–∞–π–ª–∞ ‚Ä¶/git-man_1%3a1.7.10.4-1+wheezy1_all.deb) ‚Ä¶
–í—ã–±–æ—Ä —Ä–∞–Ω–µ–µ –Ω–µ –≤—ã–±—Ä–∞–Ω–Ω–æ–≥–æ –ø–∞–∫–µ—Ç–∞ git.
–†–∞—Å–ø–∞–∫–æ–≤—ã–≤–∞–µ—Ç—Å—è –ø–∞–∫–µ—Ç git (–∏–∑ —Ñ–∞–π–ª–∞ ‚Ä¶/git_1%3a1.7.10.4-1+wheezy1_amd64.deb) ‚Ä¶
–í—ã–±–æ—Ä —Ä–∞–Ω–µ–µ –Ω–µ –≤—ã–±—Ä–∞–Ω–Ω–æ–≥–æ –ø–∞–∫–µ—Ç–∞ git-core.
–†–∞—Å–ø–∞–∫–æ–≤—ã–≤–∞–µ—Ç—Å—è –ø–∞–∫–µ—Ç git-core (–∏–∑ —Ñ–∞–π–ª–∞ ‚Ä¶/git-core_1%3a1.7.10.4-1+wheezy1_all.deb) ‚Ä¶
–û–±—Ä–∞–±–∞—Ç—ã–≤–∞—é—Ç—Å—è —Ç—Ä–∏–≥–≥–µ—Ä—ã –¥–ª—è man-db ‚Ä¶
–ù–∞—Å—Ç—Ä–∞–∏–≤–∞–µ—Ç—Å—è –ø–∞–∫–µ—Ç liberror-perl (0.17-1) ‚Ä¶
–ù–∞—Å—Ç—Ä–∞–∏–≤–∞–µ—Ç—Å—è –ø–∞–∫–µ—Ç git-man (1:1.7.10.4-1+wheezy1) ‚Ä¶
–ù–∞—Å—Ç—Ä–∞–∏–≤–∞–µ—Ç—Å—è –ø–∞–∫–µ—Ç git (1:1.7.10.4-1+wheezy1) ‚Ä¶
–ù–∞—Å—Ç—Ä–∞–∏–≤–∞–µ—Ç—Å—è –ø–∞–∫–µ—Ç git-core (1:1.7.10.4-1+wheezy1) ‚Ä¶
root@localhost:/Rails_Projects/Test500# git
usage: git [--version] [--exec-path[=<path>]] [--html-path] [--man-path] [--info-path]
           [-p|--paginate|--no-pager] [--no-replace-objects] [--bare]
           [--git-dir=<path>] [--work-tree=<path>] [--namespace=<name>]
           [-c name=value] [--help]
           <command> [<args>]

The most commonly used git commands are:
   add        Add file contents to the index
   bisect     Find by binary search the change that introduced a bug
   branch     List, create, or delete branches
   checkout   Checkout a branch or paths to the working tree
   clone      Clone a repository into a new directory
   commit     Record changes to the repository
   diff       Show changes between commits, commit and working tree, etc
   fetch      Download objects and refs from another repository
   grep       Print lines matching a pattern
   init       Create an empty git repository or reinitialize an existing one
   log        Show commit logs
   merge      Join two or more development histories together
   mv         Move or rename a file, a directory, or a symlink
   pull       Fetch from and merge with another repository or a local branch
   push       Update remote refs along with associated objects
   rebase     Forward-port local commits to the updated upstream head
   reset      Reset current HEAD to the specified state
   rm         Remove files from the working tree and from the index
   show       Show various types of objects
   status     Show the working tree status
   tag        Create, list, delete or verify a tag object signed with GPG

See 'git help <command>' for more information on a specific command.
root@localhost:/Rails_Projects/Test500# git config --global user.mail[K[K[K[Kname Turbo10050 0
root@localhost:/Rails_Projects/Test500# git config --global user.name Turbo1005000[K[A[C[C[C[C[C[C[C[C[C[C[C[C[C[C[C[C[C[C[C[C[C[C[C[C[C[C[C[C[C[C[C[C[C[C[C[C[C[C[C[C[C[C[C[C[C[C[C[C[C[